--------------------------------------------------------------------------------
Release 14.7 Trace  (nt64)
Copyright (c) 1995-2013 Xilinx, Inc.  All rights reserved.

C:\Xilinx\14.7\ISE_DS\ISE\bin\nt64\unwrapped\trce.exe -intstyle ise -v 3 -s 3
-n 3 -fastpaths -xml top.twx top.ncd -o top.twr top.pcf -ucf Nexys3_Master.ucf

Design file:              top.ncd
Physical constraint file: top.pcf
Device,package,speed:     xc6slx16,csg324,C,-3 (PRODUCTION 1.23 2013-10-13)
Report level:             verbose report

Environment Variable      Effect 
--------------------      ------ 
NONE                      No environment variables were set
--------------------------------------------------------------------------------

INFO:Timing:3412 - To improve timing, see the Timing Closure User Guide (UG612).
INFO:Timing:2752 - To get complete path coverage, use the unconstrained paths 
   option. All paths that are not constrained will be reported in the 
   unconstrained paths section(s) of the report.
INFO:Timing:3339 - The clock-to-out numbers in this timing report are based on 
   a 50 Ohm transmission line loading model.  For the details of this model, 
   and for more information on accounting for different loading conditions, 
   please see the device datasheet.

================================================================================
Timing constraint: TS_sys_clk_pin = PERIOD TIMEGRP "sys_clk_pin" 100 MHz HIGH 
50%;
For more information, see Period Analysis in the Timing Closure User Guide (UG612).

 12309 paths analyzed, 669 endpoints analyzed, 0 failing endpoints
 0 timing errors detected. (0 setup errors, 0 hold errors, 0 component switching limit errors)
 Minimum period is   6.784ns.
--------------------------------------------------------------------------------

Paths for end point XLXI_255/U5/tono_2 (SLICE_X17Y34.C3), 967 paths
--------------------------------------------------------------------------------
Slack (setup path):     3.216ns (requirement - (data path - clock path skew + uncertainty))
  Source:               XLXI_255/U5/periodo_9 (FF)
  Destination:          XLXI_255/U5/tono_2 (FF)
  Requirement:          10.000ns
  Data Path Delay:      6.726ns (Levels of Logic = 4)
  Clock Path Skew:      -0.023ns (0.244 - 0.267)
  Source Clock:         clk_out rising at 0.000ns
  Destination Clock:    clk_out rising at 10.000ns
  Clock Uncertainty:    0.035ns

  Clock Uncertainty:          0.035ns  ((TSJ^2 + TIJ^2)^1/2 + DJ) / 2 + PE
    Total System Jitter (TSJ):  0.070ns
    Total Input Jitter (TIJ):   0.000ns
    Discrete Jitter (DJ):       0.000ns
    Phase Error (PE):           0.000ns

  Maximum Data Path at Slow Process Corner: XLXI_255/U5/periodo_9 to XLXI_255/U5/tono_2
    Location             Delay type         Delay(ns)  Physical Resource
                                                       Logical Resource(s)
    -------------------------------------------------  -------------------
    SLICE_X12Y35.BQ      Tcko                  0.408   XLXI_255/U5/periodo<11>
                                                       XLXI_255/U5/periodo_9
    SLICE_X16Y36.A5      net (fanout=17)       1.473   XLXI_255/U5/periodo<9>
    SLICE_X16Y36.A       Tilo                  0.205   seven_seg0<1>
                                                       XLXI_255/U5/U1/Mmux_p155_SW0
    SLICE_X12Y35.A2      net (fanout=1)        1.627   N175
    SLICE_X12Y35.A       Tilo                  0.205   XLXI_255/U5/periodo<11>
                                                       XLXI_255/U5/U1/Mmux_p157
    SLICE_X14Y35.CX      net (fanout=4)        1.794   XLXI_255/U5/U1/p<2>
    SLICE_X14Y35.CMUX    Tcxc                  0.164   N212
                                                       XLXI_255/U5/U1/U1/Tono<2>
    SLICE_X17Y34.C3      net (fanout=1)        0.528   XLXI_255/U5/div<2>
    SLICE_X17Y34.CLK     Tas                   0.322   XLXI_255/U5/tono<2>
                                                       XLXI_255/U5/tono_2_glue_set
                                                       XLXI_255/U5/tono_2
    -------------------------------------------------  ---------------------------
    Total                                      6.726ns (1.304ns logic, 5.422ns route)
                                                       (19.4% logic, 80.6% route)

--------------------------------------------------------------------------------
Slack (setup path):     3.539ns (requirement - (data path - clock path skew + uncertainty))
  Source:               XLXI_255/U5/periodo_10 (FF)
  Destination:          XLXI_255/U5/tono_2 (FF)
  Requirement:          10.000ns
  Data Path Delay:      6.403ns (Levels of Logic = 5)
  Clock Path Skew:      -0.023ns (0.244 - 0.267)
  Source Clock:         clk_out rising at 0.000ns
  Destination Clock:    clk_out rising at 10.000ns
  Clock Uncertainty:    0.035ns

  Clock Uncertainty:          0.035ns  ((TSJ^2 + TIJ^2)^1/2 + DJ) / 2 + PE
    Total System Jitter (TSJ):  0.070ns
    Total Input Jitter (TIJ):   0.000ns
    Discrete Jitter (DJ):       0.000ns
    Phase Error (PE):           0.000ns

  Maximum Data Path at Slow Process Corner: XLXI_255/U5/periodo_10 to XLXI_255/U5/tono_2
    Location             Delay type         Delay(ns)  Physical Resource
                                                       Logical Resource(s)
    -------------------------------------------------  -------------------
    SLICE_X12Y35.CQ      Tcko                  0.408   XLXI_255/U5/periodo<11>
                                                       XLXI_255/U5/periodo_10
    SLICE_X15Y35.A3      net (fanout=12)       1.283   XLXI_255/U5/periodo<10>
    SLICE_X15Y35.A       Tilo                  0.259   XLXI_255/U5/tiempo_on<11>
                                                       XLXI_255/U5/U1/Mmux_t_o124
    SLICE_X12Y34.B1      net (fanout=2)        1.736   XLXI_255/U5/U1/Mmux_t_o123
    SLICE_X12Y34.B       Tilo                  0.205   N224
                                                       XLXI_255/U5/U1/Mmux_t_o128_SW0
    SLICE_X12Y34.A3      net (fanout=1)        0.399   N224
    SLICE_X12Y34.A       Tilo                  0.205   N224
                                                       XLXI_255/U5/U1/Mmux_t_o129
    SLICE_X14Y35.C1      net (fanout=7)        0.697   XLXI_255/U5/U1/t_o<1>
    SLICE_X14Y35.CMUX    Tilo                  0.361   N212
                                                       XLXI_255/U5/U1/U1/Tono<2>_G
                                                       XLXI_255/U5/U1/U1/Tono<2>
    SLICE_X17Y34.C3      net (fanout=1)        0.528   XLXI_255/U5/div<2>
    SLICE_X17Y34.CLK     Tas                   0.322   XLXI_255/U5/tono<2>
                                                       XLXI_255/U5/tono_2_glue_set
                                                       XLXI_255/U5/tono_2
    -------------------------------------------------  ---------------------------
    Total                                      6.403ns (1.760ns logic, 4.643ns route)
                                                       (27.5% logic, 72.5% route)

--------------------------------------------------------------------------------
Slack (setup path):     3.629ns (requirement - (data path - clock path skew + uncertainty))
  Source:               XLXI_255/U5/periodo_4 (FF)
  Destination:          XLXI_255/U5/tono_2 (FF)
  Requirement:          10.000ns
  Data Path Delay:      6.310ns (Levels of Logic = 5)
  Clock Path Skew:      -0.026ns (0.244 - 0.270)
  Source Clock:         clk_out rising at 0.000ns
  Destination Clock:    clk_out rising at 10.000ns
  Clock Uncertainty:    0.035ns

  Clock Uncertainty:          0.035ns  ((TSJ^2 + TIJ^2)^1/2 + DJ) / 2 + PE
    Total System Jitter (TSJ):  0.070ns
    Total Input Jitter (TIJ):   0.000ns
    Discrete Jitter (DJ):       0.000ns
    Phase Error (PE):           0.000ns

  Maximum Data Path at Slow Process Corner: XLXI_255/U5/periodo_4 to XLXI_255/U5/tono_2
    Location             Delay type         Delay(ns)  Physical Resource
                                                       Logical Resource(s)
    -------------------------------------------------  -------------------
    SLICE_X13Y33.AQ      Tcko                  0.391   XLXI_255/U5/periodo<7>
                                                       XLXI_255/U5/periodo_4
    SLICE_X9Y34.D2       net (fanout=10)       1.059   XLXI_255/U5/periodo<4>
    SLICE_X9Y34.D        Tilo                  0.259   XLXI_255/U5/periodo<3>
                                                       XLXI_255/U5/U1/Mmux_p153
    SLICE_X12Y35.B1      net (fanout=1)        0.984   XLXI_255/U5/U1/Mmux_p152
    SLICE_X12Y35.B       Tilo                  0.205   XLXI_255/U5/periodo<11>
                                                       XLXI_255/U5/U1/Mmux_p154
    SLICE_X12Y35.A3      net (fanout=1)        0.399   XLXI_255/U5/U1/Mmux_p153
    SLICE_X12Y35.A       Tilo                  0.205   XLXI_255/U5/periodo<11>
                                                       XLXI_255/U5/U1/Mmux_p157
    SLICE_X14Y35.CX      net (fanout=4)        1.794   XLXI_255/U5/U1/p<2>
    SLICE_X14Y35.CMUX    Tcxc                  0.164   N212
                                                       XLXI_255/U5/U1/U1/Tono<2>
    SLICE_X17Y34.C3      net (fanout=1)        0.528   XLXI_255/U5/div<2>
    SLICE_X17Y34.CLK     Tas                   0.322   XLXI_255/U5/tono<2>
                                                       XLXI_255/U5/tono_2_glue_set
                                                       XLXI_255/U5/tono_2
    -------------------------------------------------  ---------------------------
    Total                                      6.310ns (1.546ns logic, 4.764ns route)
                                                       (24.5% logic, 75.5% route)

--------------------------------------------------------------------------------

Paths for end point XLXI_255/U5/tono_0 (SLICE_X17Y34.A5), 967 paths
--------------------------------------------------------------------------------
Slack (setup path):     3.530ns (requirement - (data path - clock path skew + uncertainty))
  Source:               XLXI_255/U5/periodo_9 (FF)
  Destination:          XLXI_255/U5/tono_0 (FF)
  Requirement:          10.000ns
  Data Path Delay:      6.412ns (Levels of Logic = 4)
  Clock Path Skew:      -0.023ns (0.244 - 0.267)
  Source Clock:         clk_out rising at 0.000ns
  Destination Clock:    clk_out rising at 10.000ns
  Clock Uncertainty:    0.035ns

  Clock Uncertainty:          0.035ns  ((TSJ^2 + TIJ^2)^1/2 + DJ) / 2 + PE
    Total System Jitter (TSJ):  0.070ns
    Total Input Jitter (TIJ):   0.000ns
    Discrete Jitter (DJ):       0.000ns
    Phase Error (PE):           0.000ns

  Maximum Data Path at Slow Process Corner: XLXI_255/U5/periodo_9 to XLXI_255/U5/tono_0
    Location             Delay type         Delay(ns)  Physical Resource
                                                       Logical Resource(s)
    -------------------------------------------------  -------------------
    SLICE_X12Y35.BQ      Tcko                  0.408   XLXI_255/U5/periodo<11>
                                                       XLXI_255/U5/periodo_9
    SLICE_X16Y36.A5      net (fanout=17)       1.473   XLXI_255/U5/periodo<9>
    SLICE_X16Y36.A       Tilo                  0.205   seven_seg0<1>
                                                       XLXI_255/U5/U1/Mmux_p155_SW0
    SLICE_X12Y35.A2      net (fanout=1)        1.627   N175
    SLICE_X12Y35.A       Tilo                  0.205   XLXI_255/U5/periodo<11>
                                                       XLXI_255/U5/U1/Mmux_p157
    SLICE_X14Y34.CX      net (fanout=4)        1.607   XLXI_255/U5/U1/p<2>
    SLICE_X14Y34.CMUX    Tcxc                  0.164   N215
                                                       XLXI_255/U5/U1/U1/Tono<0>
    SLICE_X17Y34.A5      net (fanout=1)        0.401   XLXI_255/U5/div<0>
    SLICE_X17Y34.CLK     Tas                   0.322   XLXI_255/U5/tono<2>
                                                       XLXI_255/U5/tono_0_glue_set
                                                       XLXI_255/U5/tono_0
    -------------------------------------------------  ---------------------------
    Total                                      6.412ns (1.304ns logic, 5.108ns route)
                                                       (20.3% logic, 79.7% route)

--------------------------------------------------------------------------------
Slack (setup path):     3.655ns (requirement - (data path - clock path skew + uncertainty))
  Source:               XLXI_255/U5/periodo_10 (FF)
  Destination:          XLXI_255/U5/tono_0 (FF)
  Requirement:          10.000ns
  Data Path Delay:      6.287ns (Levels of Logic = 5)
  Clock Path Skew:      -0.023ns (0.244 - 0.267)
  Source Clock:         clk_out rising at 0.000ns
  Destination Clock:    clk_out rising at 10.000ns
  Clock Uncertainty:    0.035ns

  Clock Uncertainty:          0.035ns  ((TSJ^2 + TIJ^2)^1/2 + DJ) / 2 + PE
    Total System Jitter (TSJ):  0.070ns
    Total Input Jitter (TIJ):   0.000ns
    Discrete Jitter (DJ):       0.000ns
    Phase Error (PE):           0.000ns

  Maximum Data Path at Slow Process Corner: XLXI_255/U5/periodo_10 to XLXI_255/U5/tono_0
    Location             Delay type         Delay(ns)  Physical Resource
                                                       Logical Resource(s)
    -------------------------------------------------  -------------------
    SLICE_X12Y35.CQ      Tcko                  0.408   XLXI_255/U5/periodo<11>
                                                       XLXI_255/U5/periodo_10
    SLICE_X15Y35.A3      net (fanout=12)       1.283   XLXI_255/U5/periodo<10>
    SLICE_X15Y35.A       Tilo                  0.259   XLXI_255/U5/tiempo_on<11>
                                                       XLXI_255/U5/U1/Mmux_t_o124
    SLICE_X12Y34.B1      net (fanout=2)        1.736   XLXI_255/U5/U1/Mmux_t_o123
    SLICE_X12Y34.B       Tilo                  0.205   N224
                                                       XLXI_255/U5/U1/Mmux_t_o128_SW0
    SLICE_X12Y34.A3      net (fanout=1)        0.399   N224
    SLICE_X12Y34.A       Tilo                  0.205   N224
                                                       XLXI_255/U5/U1/Mmux_t_o129
    SLICE_X14Y34.D1      net (fanout=7)        0.701   XLXI_255/U5/U1/t_o<1>
    SLICE_X14Y34.CMUX    Topdc                 0.368   N215
                                                       XLXI_255/U5/U1/U1/Tono<0>_F
                                                       XLXI_255/U5/U1/U1/Tono<0>
    SLICE_X17Y34.A5      net (fanout=1)        0.401   XLXI_255/U5/div<0>
    SLICE_X17Y34.CLK     Tas                   0.322   XLXI_255/U5/tono<2>
                                                       XLXI_255/U5/tono_0_glue_set
                                                       XLXI_255/U5/tono_0
    -------------------------------------------------  ---------------------------
    Total                                      6.287ns (1.767ns logic, 4.520ns route)
                                                       (28.1% logic, 71.9% route)

--------------------------------------------------------------------------------
Slack (setup path):     3.794ns (requirement - (data path - clock path skew + uncertainty))
  Source:               XLXI_255/U5/periodo_10 (FF)
  Destination:          XLXI_255/U5/tono_0 (FF)
  Requirement:          10.000ns
  Data Path Delay:      6.148ns (Levels of Logic = 5)
  Clock Path Skew:      -0.023ns (0.244 - 0.267)
  Source Clock:         clk_out rising at 0.000ns
  Destination Clock:    clk_out rising at 10.000ns
  Clock Uncertainty:    0.035ns

  Clock Uncertainty:          0.035ns  ((TSJ^2 + TIJ^2)^1/2 + DJ) / 2 + PE
    Total System Jitter (TSJ):  0.070ns
    Total Input Jitter (TIJ):   0.000ns
    Discrete Jitter (DJ):       0.000ns
    Phase Error (PE):           0.000ns

  Maximum Data Path at Slow Process Corner: XLXI_255/U5/periodo_10 to XLXI_255/U5/tono_0
    Location             Delay type         Delay(ns)  Physical Resource
                                                       Logical Resource(s)
    -------------------------------------------------  -------------------
    SLICE_X12Y35.CQ      Tcko                  0.408   XLXI_255/U5/periodo<11>
                                                       XLXI_255/U5/periodo_10
    SLICE_X15Y35.A3      net (fanout=12)       1.283   XLXI_255/U5/periodo<10>
    SLICE_X15Y35.A       Tilo                  0.259   XLXI_255/U5/tiempo_on<11>
                                                       XLXI_255/U5/U1/Mmux_t_o124
    SLICE_X13Y34.C1      net (fanout=2)        1.703   XLXI_255/U5/U1/Mmux_t_o123
    SLICE_X13Y34.C       Tilo                  0.259   N222
                                                       XLXI_255/U5/U1/Mmux_t_o128_SW1
    SLICE_X12Y34.A4      net (fanout=1)        0.239   N225
    SLICE_X12Y34.A       Tilo                  0.205   N224
                                                       XLXI_255/U5/U1/Mmux_t_o129
    SLICE_X14Y34.D1      net (fanout=7)        0.701   XLXI_255/U5/U1/t_o<1>
    SLICE_X14Y34.CMUX    Topdc                 0.368   N215
                                                       XLXI_255/U5/U1/U1/Tono<0>_F
                                                       XLXI_255/U5/U1/U1/Tono<0>
    SLICE_X17Y34.A5      net (fanout=1)        0.401   XLXI_255/U5/div<0>
    SLICE_X17Y34.CLK     Tas                   0.322   XLXI_255/U5/tono<2>
                                                       XLXI_255/U5/tono_0_glue_set
                                                       XLXI_255/U5/tono_0
    -------------------------------------------------  ---------------------------
    Total                                      6.148ns (1.821ns logic, 4.327ns route)
                                                       (29.6% logic, 70.4% route)

--------------------------------------------------------------------------------

Paths for end point XLXI_255/U5/tono_1 (SLICE_X17Y34.B6), 967 paths
--------------------------------------------------------------------------------
Slack (setup path):     3.941ns (requirement - (data path - clock path skew + uncertainty))
  Source:               XLXI_255/U5/periodo_10 (FF)
  Destination:          XLXI_255/U5/tono_1 (FF)
  Requirement:          10.000ns
  Data Path Delay:      6.001ns (Levels of Logic = 5)
  Clock Path Skew:      -0.023ns (0.244 - 0.267)
  Source Clock:         clk_out rising at 0.000ns
  Destination Clock:    clk_out rising at 10.000ns
  Clock Uncertainty:    0.035ns

  Clock Uncertainty:          0.035ns  ((TSJ^2 + TIJ^2)^1/2 + DJ) / 2 + PE
    Total System Jitter (TSJ):  0.070ns
    Total Input Jitter (TIJ):   0.000ns
    Discrete Jitter (DJ):       0.000ns
    Phase Error (PE):           0.000ns

  Maximum Data Path at Slow Process Corner: XLXI_255/U5/periodo_10 to XLXI_255/U5/tono_1
    Location             Delay type         Delay(ns)  Physical Resource
                                                       Logical Resource(s)
    -------------------------------------------------  -------------------
    SLICE_X12Y35.CQ      Tcko                  0.408   XLXI_255/U5/periodo<11>
                                                       XLXI_255/U5/periodo_10
    SLICE_X15Y35.A3      net (fanout=12)       1.283   XLXI_255/U5/periodo<10>
    SLICE_X15Y35.A       Tilo                  0.259   XLXI_255/U5/tiempo_on<11>
                                                       XLXI_255/U5/U1/Mmux_t_o124
    SLICE_X12Y34.B1      net (fanout=2)        1.736   XLXI_255/U5/U1/Mmux_t_o123
    SLICE_X12Y34.B       Tilo                  0.205   N224
                                                       XLXI_255/U5/U1/Mmux_t_o128_SW0
    SLICE_X12Y34.A3      net (fanout=1)        0.399   N224
    SLICE_X12Y34.A       Tilo                  0.205   N224
                                                       XLXI_255/U5/U1/Mmux_t_o129
    SLICE_X12Y34.C1      net (fanout=7)        0.468   XLXI_255/U5/U1/t_o<1>
    SLICE_X12Y34.CMUX    Tilo                  0.343   N224
                                                       XLXI_255/U5/U1/U1/Tono<1>_G
                                                       XLXI_255/U5/U1/U1/Tono<1>
    SLICE_X17Y34.B6      net (fanout=1)        0.373   XLXI_255/U5/div<1>
    SLICE_X17Y34.CLK     Tas                   0.322   XLXI_255/U5/tono<2>
                                                       XLXI_255/U5/tono_1_glue_set
                                                       XLXI_255/U5/tono_1
    -------------------------------------------------  ---------------------------
    Total                                      6.001ns (1.742ns logic, 4.259ns route)
                                                       (29.0% logic, 71.0% route)

--------------------------------------------------------------------------------
Slack (setup path):     4.080ns (requirement - (data path - clock path skew + uncertainty))
  Source:               XLXI_255/U5/periodo_10 (FF)
  Destination:          XLXI_255/U5/tono_1 (FF)
  Requirement:          10.000ns
  Data Path Delay:      5.862ns (Levels of Logic = 5)
  Clock Path Skew:      -0.023ns (0.244 - 0.267)
  Source Clock:         clk_out rising at 0.000ns
  Destination Clock:    clk_out rising at 10.000ns
  Clock Uncertainty:    0.035ns

  Clock Uncertainty:          0.035ns  ((TSJ^2 + TIJ^2)^1/2 + DJ) / 2 + PE
    Total System Jitter (TSJ):  0.070ns
    Total Input Jitter (TIJ):   0.000ns
    Discrete Jitter (DJ):       0.000ns
    Phase Error (PE):           0.000ns

  Maximum Data Path at Slow Process Corner: XLXI_255/U5/periodo_10 to XLXI_255/U5/tono_1
    Location             Delay type         Delay(ns)  Physical Resource
                                                       Logical Resource(s)
    -------------------------------------------------  -------------------
    SLICE_X12Y35.CQ      Tcko                  0.408   XLXI_255/U5/periodo<11>
                                                       XLXI_255/U5/periodo_10
    SLICE_X15Y35.A3      net (fanout=12)       1.283   XLXI_255/U5/periodo<10>
    SLICE_X15Y35.A       Tilo                  0.259   XLXI_255/U5/tiempo_on<11>
                                                       XLXI_255/U5/U1/Mmux_t_o124
    SLICE_X13Y34.C1      net (fanout=2)        1.703   XLXI_255/U5/U1/Mmux_t_o123
    SLICE_X13Y34.C       Tilo                  0.259   N222
                                                       XLXI_255/U5/U1/Mmux_t_o128_SW1
    SLICE_X12Y34.A4      net (fanout=1)        0.239   N225
    SLICE_X12Y34.A       Tilo                  0.205   N224
                                                       XLXI_255/U5/U1/Mmux_t_o129
    SLICE_X12Y34.C1      net (fanout=7)        0.468   XLXI_255/U5/U1/t_o<1>
    SLICE_X12Y34.CMUX    Tilo                  0.343   N224
                                                       XLXI_255/U5/U1/U1/Tono<1>_G
                                                       XLXI_255/U5/U1/U1/Tono<1>
    SLICE_X17Y34.B6      net (fanout=1)        0.373   XLXI_255/U5/div<1>
    SLICE_X17Y34.CLK     Tas                   0.322   XLXI_255/U5/tono<2>
                                                       XLXI_255/U5/tono_1_glue_set
                                                       XLXI_255/U5/tono_1
    -------------------------------------------------  ---------------------------
    Total                                      5.862ns (1.796ns logic, 4.066ns route)
                                                       (30.6% logic, 69.4% route)

--------------------------------------------------------------------------------
Slack (setup path):     4.110ns (requirement - (data path - clock path skew + uncertainty))
  Source:               XLXI_255/U5/periodo_10 (FF)
  Destination:          XLXI_255/U5/tono_1 (FF)
  Requirement:          10.000ns
  Data Path Delay:      5.832ns (Levels of Logic = 5)
  Clock Path Skew:      -0.023ns (0.244 - 0.267)
  Source Clock:         clk_out rising at 0.000ns
  Destination Clock:    clk_out rising at 10.000ns
  Clock Uncertainty:    0.035ns

  Clock Uncertainty:          0.035ns  ((TSJ^2 + TIJ^2)^1/2 + DJ) / 2 + PE
    Total System Jitter (TSJ):  0.070ns
    Total Input Jitter (TIJ):   0.000ns
    Discrete Jitter (DJ):       0.000ns
    Phase Error (PE):           0.000ns

  Maximum Data Path at Slow Process Corner: XLXI_255/U5/periodo_10 to XLXI_255/U5/tono_1
    Location             Delay type         Delay(ns)  Physical Resource
                                                       Logical Resource(s)
    -------------------------------------------------  -------------------
    SLICE_X12Y35.CQ      Tcko                  0.408   XLXI_255/U5/periodo<11>
                                                       XLXI_255/U5/periodo_10
    SLICE_X15Y35.A3      net (fanout=12)       1.283   XLXI_255/U5/periodo<10>
    SLICE_X15Y35.A       Tilo                  0.259   XLXI_255/U5/tiempo_on<11>
                                                       XLXI_255/U5/U1/Mmux_t_o124
    SLICE_X12Y34.B1      net (fanout=2)        1.736   XLXI_255/U5/U1/Mmux_t_o123
    SLICE_X12Y34.B       Tilo                  0.205   N224
                                                       XLXI_255/U5/U1/Mmux_t_o128_SW0
    SLICE_X12Y34.A3      net (fanout=1)        0.399   N224
    SLICE_X12Y34.A       Tilo                  0.205   N224
                                                       XLXI_255/U5/U1/Mmux_t_o129
    SLICE_X12Y34.D3      net (fanout=7)        0.304   XLXI_255/U5/U1/t_o<1>
    SLICE_X12Y34.CMUX    Topdc                 0.338   N224
                                                       XLXI_255/U5/U1/U1/Tono<1>_F
                                                       XLXI_255/U5/U1/U1/Tono<1>
    SLICE_X17Y34.B6      net (fanout=1)        0.373   XLXI_255/U5/div<1>
    SLICE_X17Y34.CLK     Tas                   0.322   XLXI_255/U5/tono<2>
                                                       XLXI_255/U5/tono_1_glue_set
                                                       XLXI_255/U5/tono_1
    -------------------------------------------------  ---------------------------
    Total                                      5.832ns (1.737ns logic, 4.095ns route)
                                                       (29.8% logic, 70.2% route)

--------------------------------------------------------------------------------

Hold Paths: TS_sys_clk_pin = PERIOD TIMEGRP "sys_clk_pin" 100 MHz HIGH 50%;
--------------------------------------------------------------------------------

Paths for end point XLXI_255/U8/led_reg2 (SLICE_X12Y21.BX), 1 path
--------------------------------------------------------------------------------
Slack (hold path):      0.388ns (requirement - (clock path skew + uncertainty - data path))
  Source:               XLXI_255/U8/led_reg1 (FF)
  Destination:          XLXI_255/U8/led_reg2 (FF)
  Requirement:          0.000ns
  Data Path Delay:      0.388ns (Levels of Logic = 0)
  Clock Path Skew:      0.000ns
  Source Clock:         clk_out rising at 10.000ns
  Destination Clock:    clk_out rising at 10.000ns
  Clock Uncertainty:    0.000ns

  Minimum Data Path at Fast Process Corner: XLXI_255/U8/led_reg1 to XLXI_255/U8/led_reg2
    Location             Delay type         Delay(ns)  Physical Resource
                                                       Logical Resource(s)
    -------------------------------------------------  -------------------
    SLICE_X12Y21.AQ      Tcko                  0.200   XLXI_255/U8/led_reg2
                                                       XLXI_255/U8/led_reg1
    SLICE_X12Y21.BX      net (fanout=2)        0.140   XLXI_255/U8/led_reg1
    SLICE_X12Y21.CLK     Tckdi       (-Th)    -0.048   XLXI_255/U8/led_reg2
                                                       XLXI_255/U8/led_reg2
    -------------------------------------------------  ---------------------------
    Total                                      0.388ns (0.248ns logic, 0.140ns route)
                                                       (63.9% logic, 36.1% route)

--------------------------------------------------------------------------------

Paths for end point XLXI_255/U3/tiempo_on_0 (SLICE_X29Y27.AX), 1 path
--------------------------------------------------------------------------------
Slack (hold path):      0.398ns (requirement - (clock path skew + uncertainty - data path))
  Source:               XLXI_255/U3/counter_0 (FF)
  Destination:          XLXI_255/U3/tiempo_on_0 (FF)
  Requirement:          0.000ns
  Data Path Delay:      0.400ns (Levels of Logic = 0)
  Clock Path Skew:      0.002ns (0.039 - 0.037)
  Source Clock:         clk_out rising at 10.000ns
  Destination Clock:    clk_out rising at 10.000ns
  Clock Uncertainty:    0.000ns

  Minimum Data Path at Fast Process Corner: XLXI_255/U3/counter_0 to XLXI_255/U3/tiempo_on_0
    Location             Delay type         Delay(ns)  Physical Resource
                                                       Logical Resource(s)
    -------------------------------------------------  -------------------
    SLICE_X28Y27.AQ      Tcko                  0.200   XLXI_255/U3/counter<3>
                                                       XLXI_255/U3/counter_0
    SLICE_X29Y27.AX      net (fanout=4)        0.141   XLXI_255/U3/counter<0>
    SLICE_X29Y27.CLK     Tckdi       (-Th)    -0.059   XLXI_255/U3/tiempo_on<3>
                                                       XLXI_255/U3/tiempo_on_0
    -------------------------------------------------  ---------------------------
    Total                                      0.400ns (0.259ns logic, 0.141ns route)
                                                       (64.8% logic, 35.3% route)

--------------------------------------------------------------------------------

Paths for end point XLXI_255/U5/led_reg2 (SLICE_X13Y32.DX), 1 path
--------------------------------------------------------------------------------
Slack (hold path):      0.399ns (requirement - (clock path skew + uncertainty - data path))
  Source:               XLXI_255/U5/led_reg1 (FF)
  Destination:          XLXI_255/U5/led_reg2 (FF)
  Requirement:          0.000ns
  Data Path Delay:      0.399ns (Levels of Logic = 0)
  Clock Path Skew:      0.000ns
  Source Clock:         clk_out rising at 10.000ns
  Destination Clock:    clk_out rising at 10.000ns
  Clock Uncertainty:    0.000ns

  Minimum Data Path at Fast Process Corner: XLXI_255/U5/led_reg1 to XLXI_255/U5/led_reg2
    Location             Delay type         Delay(ns)  Physical Resource
                                                       Logical Resource(s)
    -------------------------------------------------  -------------------
    SLICE_X13Y32.CQ      Tcko                  0.198   XLXI_255/U5/led_reg2
                                                       XLXI_255/U5/led_reg1
    SLICE_X13Y32.DX      net (fanout=2)        0.142   XLXI_255/U5/led_reg1
    SLICE_X13Y32.CLK     Tckdi       (-Th)    -0.059   XLXI_255/U5/led_reg2
                                                       XLXI_255/U5/led_reg2
    -------------------------------------------------  ---------------------------
    Total                                      0.399ns (0.257ns logic, 0.142ns route)
                                                       (64.4% logic, 35.6% route)

--------------------------------------------------------------------------------

Component Switching Limit Checks: TS_sys_clk_pin = PERIOD TIMEGRP "sys_clk_pin" 100 MHz HIGH 50%;
--------------------------------------------------------------------------------
Slack: 8.270ns (period - min period limit)
  Period: 10.000ns
  Min period limit: 1.730ns (578.035MHz) (Tbcper_I)
  Physical resource: XLXI_29/I0
  Logical resource: XLXI_29/I0
  Location pin: BUFGMUX_X3Y13.I0
  Clock network: clk_IBUFG
--------------------------------------------------------------------------------
Slack: 9.570ns (period - min period limit)
  Period: 10.000ns
  Min period limit: 0.430ns (2325.581MHz) (Tcp)
  Physical resource: XLXI_255/U3/counter<3>/CLK
  Logical resource: XLXI_255/U3/counter_0/CK
  Location pin: SLICE_X28Y27.CLK
  Clock network: clk_out
--------------------------------------------------------------------------------
Slack: 9.570ns (period - min period limit)
  Period: 10.000ns
  Min period limit: 0.430ns (2325.581MHz) (Tcp)
  Physical resource: XLXI_255/U3/counter<3>/CLK
  Logical resource: XLXI_255/U3/counter_1/CK
  Location pin: SLICE_X28Y27.CLK
  Clock network: clk_out
--------------------------------------------------------------------------------


All constraints were met.


Data Sheet report:
-----------------
All values displayed in nanoseconds (ns)

Clock to Setup on destination clock clk
---------------+---------+---------+---------+---------+
               | Src:Rise| Src:Fall| Src:Rise| Src:Fall|
Source Clock   |Dest:Rise|Dest:Rise|Dest:Fall|Dest:Fall|
---------------+---------+---------+---------+---------+
clk            |    6.784|         |         |         |
---------------+---------+---------+---------+---------+


Timing summary:
---------------

Timing errors: 0  Score: 0  (Setup/Max: 0, Hold: 0)

Constraints cover 12309 paths, 0 nets, and 1953 connections

Design statistics:
   Minimum period:   6.784ns{1}   (Maximum frequency: 147.406MHz)


------------------------------------Footnotes-----------------------------------
1)  The minimum period statistic assumes all single cycle delays.

Analysis completed Thu Apr 23 10:19:15 2026 
--------------------------------------------------------------------------------

Trace Settings:
-------------------------
Trace Settings 

Peak Memory Usage: 4576 MB



